cards/v1/jp/CRD_50B2FD354E4E28060E93.png	1dfd462bb2aa619d97ab81adf65ee3214646c9628c3184f8773ac48f6570f2bb	나옹 ex	m3_ja-61
cards/v1/jp/CRD_7EFC022C360ECB18F368.png	2a013f2d2d61ad3a168b21a4b53eb7e7d71c43e03879fd6512ec9616c8453856	코바르온	sv11b_ja-149
cards/v1/jp/CRD_1FAE56A534F527997652.png	fa873c1c273b59002134fbdbbbc8ef684adaff473c53d91330d0b61b04ec44c0	엘풍 ex	sv11w_ja-5
cards/v1/jp/CRD_446729B24008F954BB0A.png	292deffc9c41caa0e346fc26bbf18b5425e0c53ca205f00fce661346308dfb29	탱탱겔 ex	sv11w_ja-42
cards/v1/jp/CRD_555EE842647815F48715.png	df4b082375fbecc10d872e24ae7e0aa71edd88490fc2539822e6edf518dd96f2	엘풍 ex	sv11w_ja-159
cards/v1/jp/CRD_EDAD36BCA792F37E033D.png	cff5612870c633e039eb489f09ef27b749b45b07b700c991736626d631897195	엘풍 ex	sv11w_ja-167
cards/v1/jp/CRD_4859A1CEBEE02962E908.png	7c0d9e5e68aaea3c28ce02b9e37695c513379289961a815cd760a2c265d4c169	로토무 ex	m2_ja-29
cards/v1/jp/CRD_40FBDA9D8B07812A7D95.png	e89a6149f73d623ff611bcd74794a8fca6fadb6853419357ab80aed47b6ca037	날뛰는우레 ex	sv5k_ja-100
cards/v1/jp/CRD_078657E48A5C7962311A.png	c25a47a3fc8176c8ec402e54c261e04be391baaf0d222ed6c0ebe9368eee4b13	해피너스 ex	sv6_ja-85
cards/v1/jp/CRD_7752DD5232086D6A4146.png	689006e6e3de41408fa4aeaeee2264c84fb220aba2433b10acc3a916565e4bc6	해피너스 ex	sv6_ja-121
cards/v1/jp/CRD_9EB378594AD7F975D818.png	3fa7e2095f3988af7ed064b7e82866b7573fd16c972e1e0024b185602015ee5d	알로라 나시 ex	sv7a_ja-40
cards/v1/jp/CRD_CACCC26771051F067E98.png	65ade9f671abb6326272352b5353b48b24c3fe067ba3ef32d9b810a288fc1fe8	레어코일	sv8_ja-112
cards/v1/jp/CRD_2155A4D54F44F7A42D0F.png	80b90908812cb50a67344bae598fe8370326671b18b2dddcfa6be882c212352e	부스터 ex	sv8a_ja-22
cards/v1/jp/CRD_CE4D32F8379962BB2C82.png	1f0db817a7bbe0ecdeadf7c4936b2e4df20818c0e1c349bdb4880e869c08e047	날뛰는우레 ex	sv8a_ja-124
cards/v1/jp/CRD_A14B9AB5F1C8622F9CB1.png	b7c4474cef8d8718aa203f0435ac4203e17d8d895c997241e204b8fba75b1ee4	바오키 V	swsh12a_ja-20
cards/v1/jp/CRD_5FCF39B83D268FC86798.png	04aed6fc6783b618856ed1b31df3043d9d7a3536a3bcb1f723785b443d567aaf	히스이 대검귀 V	swsh12a_ja-86
cards/v1/jp/CRD_222E9847135B140CEF27.png	0101806b2da4c2a55c148527369840f383df711ac9d7ab77b284d3a079ad4112	하랑우탄 V	swsh12a_ja-130
cards/v1/jp/CRD_304585F5A84F181F1105.png	81ebc8e3969f8914113a3d8b340848ad4f503dfccef9ad4012266401c4e74704	히스이 대검귀 V	swsh12a_ja-229
cards/v1/jp/CRD_5A13BAFB5F4751341641.png	3da4f146530eba95fdb0ca7eeaba00183ab6ded5e9e81b6e68ec3b72cf3d876f	시비꼬 ex	sv2p_ja-94
cards/v1/jp/CRD_9A76495C6C6B99BBC074.png	2f528e2f1cc38f3145a09332b04dc5b2617a76391ce0fd7867ad2e6b2bc4c923	부르르룸 ex	sv3_ja-85
cards/v1/jp/CRD_D4ABBEA6D26A12D8F907.png	eb630385fe794abf303bd27a3db2a0d7014349bd6287951defdca7b63967f371	타부자고 ex	sv3a_ja-50
cards/v1/jp/CRD_97BE397815C93AA20E1D.png	e7aac6377942644e62dd3bbc284a48900800aca45f22b75560c3f55ad8fa93c0	타부자고 ex	sv3a_ja-87
cards/v1/jp/CRD_7A88D55AC936FE0D18E4.png	74688d245c887423997a28dfd5c7ec8f3221165e427c5eedfbc8a43a64e7e3cf	레쿠쟈 V	swsh8b_ja-119
cards/v1/jp/CRD_F596BF15BD3A72D0827D.png	62c50367b17656e252ec51fb6e5ee8211c526fea1b9cc11149d95b9ea4e453fb	두랄루돈 VMAX	swsh8b_ja-123
cards/v1/jp/CRD_91C3095AAD2E321043D0.png	d82170674c9529bc7b5a664fc1396c26c011cc5385cdb8deb2e1d9d889134030	가디안	swsh8b_ja-196
cards/v1/jp/CRD_E539C04F2773B3572C0D.png	a1279d0b76053cde0ed1464568f1cb396689bf691940c8c546a7b226fd728077	야느와르몽	swsh8b_ja-198
cards/v1/jp/CRD_8EBE6592ACC0307D990D.png	31a3af2c102559e2aaaf4752173be1874ef9d0466b71caacb0c7bad98394fd72	마휘핑	swsh8b_ja-201
cards/v1/jp/CRD_C2B4FC232C9AE7018C08.png	a73ae7b1d7f7e08a721f65f4b5a8cfa9581d191e7810e5003a5b3cf18c307d72	가라르 썬더 V	swsh8b_ja-237
cards/v1/jp/CRD_37B7393178B645AADF6F.png	7950661a0322395ebd5a390c5a0c33c7e5e85794764c77a4d3a160ce07383652	자마젠타 V	swsh8b_ja-251
cards/v1/jp/CRD_728824875FB0AB727B38.png	70df1873bf62ab30b0dfcbc1a894642f75794c79d0346edfe645e3d5089e9f0e	두랄루돈 VMAX	swsh8b_ja-253
cards/v1/jp/CRD_4EB5FCA02B815775E0D5.png	a417552b053820a27a9f7a0096bb26d18eac5d2ffcfeef02d02c70c9cd2acac5	리자몽 V	swsh9_ja-14
cards/v1/jp/CRD_0B1B22D6D38DC9FDB7C1.png	fe0d3f0223db2002d3f792cc1fe739a3f9268b9f94a51b97d85df95877d67b2f	돈크로우 V	swsh9_ja-64
cards/v1/jp/CRD_F468D1CBA143837129CC.png	8f29c1705afab1c948a3e7362ca8bd479a2f4d70a8af05afc3ab79832a464aaa	해당의 백업	swsh9_ja-116
cards/v1/jp/CRD_E2BBFAD3F67905508742.png	d8223dc15da9515fc2831016bc8f94061912366b461a91b0b983832678ba42fb	해당의 백업	swsh9_ja-124
cards/v1/jp/CRD_A19450B9771AF13689F1.png	efdd1d80f4a0f90e8122a7a296e035fb5e0a577522e20c0b56853ed175bba9fe	히스이 대검귀 V	swsh9a_ja-52
cards/v1/jp/CRD_A427D3F18204D2955D21.png	08fff2a8fc7abddd85da093a7f1f0fabeb2dfd5ea9c5193666809b4969b271bf	지라치 V	swsh10d_ja-71
cards/v1/jp/CRD_07838391EB0EE31C2240.png	0572c775ed5c24a95c22c454f7b6f63c7a7b6d326de443915b2e253629393600	러브로스 V	swsh10a_ja-88
cards/v1/jp/CRD_D12C5E855D472ADD01EC.png	4ac313f0f472eb23048c70179f1074ae85cef9d4b8a4a23986b58bd9404ed3a2	로토무 V	swsh11_ja-37
cards/v1/jp/CRD_A4DBE3E0E159125E3B57.png	42ca896349f0aef4274fd781b16c1782041b4f37f0b4a3775cc961bc9fd4b8d3	칠색조 V	swsh11a_ja-55
cards/v1/jp/CRD_A4815295611D6BD8CF43.png	b75d856703cc0691c44b0af1bb6354d50e2a21c5c625cb0ad83456b252353367	루브도	swsh11a_ja-73
cards/v1/jp/CRD_C0FD791CFBCB5AE1036E.png	a718f732f5f8724d9f4203d5743f2a0923e09fcd8213b7066915dbfc5f2b26b9	레시라무 V	swsh11a_ja-76
cards/v1/jp/CRD_9AEA1A49E1136BF4033C.png	d0d3eda79ef43651d380cdc566339554049d6b8bc0c140372b6d5d7d1fbe4b54	가라르 썬더 V	swsh5a_ja-37
cards/v1/jp/CRD_7A1CEB09D1B58CFDD57B.png	6fef647e8fe1478b496a55711e4682d5fe16073f9ded151518409015dfafdeab	레파르다스 V	swsh6h_ja-47
cards/v1/jp/CRD_0CE1E882E3DB3A128B10.png	562ee36af22eab38bfde966bc5f2662c9d68c4d53a3ae219721882198b11e11c	두랄루돈 VMAX	swsh7d_ja-49
cards/v1/jp/CRD_50F6F1C119D4792B9B1C.png	395caf9925a0f93588c43d430222927b382541c3bf1f2ef7916bea24e99745d6	불카모스 V	swsh7r_ja-15
cards/v1/jp/CRD_631AD80FA334FB95F195.png	83c6e665faa368acf521da145965eed8cf90fa0713e0cd273666e9451635f402	공중날기 피카츄 VMAX	swsh8a_ja-24
cards/v1/jp/CRD_B0B8C5142F67A845B7A2.png	105c47b732670b297a69bceb1eeb663761c9ddf6a18aac01e943441b8bab8696	파도타기 피카츄 VMAX	swsh8a_ja-22
cards/v1/jp/CRD_AC0AC7D11535301B11B2.png	acfe18cd2446d532b7a20cfcfe689a29d9f8d8f01f90fd851bab9efa0b937a57	핫삼 V	swsh3_ja-66
cards/v1/jp/CRD_A72D96AA09A1A85694F8.png	9de85f9e0109da88f6c868cd4c7fb5147253b90fb71c8cbb03bc58475d8d84e5	핫삼 V	swsh3_ja-107
cards/v1/jp/CRD_C2D419D0BA0BE07BC5B5.png	aff1100a0c439a30e54a5dad82f6d6a9f7a709aaf94ce4aa377d853f8b34f558	자루도 V	swsh3a_ja-13
cards/v1/jp/CRD_6940E14A45E56ECEAE53.png	b24999af88c01849d632054d1cf6be652b34eab38732ca3e27b72114ae195f0a	자마젠타 V	swsh4a_ja-139
cards/v1/jp/CRD_0947A2BADF48F0637F4B.png	1bff8f480fdca1f6843e6b9c91f7b524d30a7bd7fa588ab5bdbe9e2f8196e340	메타몽 V	swsh4a_ja-140
cards/v1/jp/CRD_C25940958F57A0DE60C8.png	07e3c0ff46b5ee161685a01f18d47fd7182afe3682b1d8e2787b0792a02c1762	메타몽 V	swsh4a_ja-323
