cards/v1/jp/CRD_3D2652A213CB1E4217EF.png	dab47dffb01a014afe99851995cf15246c1298feda107445b847451906b56d99	로켓단의 트래피더
cards/v1/jp/CRD_A0F5DC7A82F213F8B17D.png	08ed7bc23a37256d7a35fd8eef2fee07facca06c8802df243ad69c9db37c4ffb	활화르바
cards/v1/jp/CRD_06BED8DCDED386D09CC6.png	22c90159ba960fd64ac2f6a94a7ad3650b2088c6e837e53dc5c62c96f8f20684	늑골라
cards/v1/jp/CRD_5DA33B32A229766D5250.png	9fb4efc04d643dc5885a671afa680bc51dccd147ecc89282e50d6636899461a3	터검니
cards/v1/jp/CRD_C57281C7453720B73003.png	c10bd62774ef621c538d9b77eda5cbc981a7b13fbae40078917fff0aed2e2ffc	바랜드
cards/v1/jp/CRD_6A84D927543336D14029.png	6dcfe42bea7cf8510d8fe94a246e6fd3f6968421e81de301b5bef6271b861153	탱탱겔 ex
cards/v1/jp/CRD_A52ADAD23735C0E3C95C.png	1365e39fe3282cf4367560f118c72b3bf4ad770f0cf9d1aa6479a02f6a68a134	탱탱겔 ex
cards/v1/jp/CRD_E40D332726F7EBC2B3EE.png	4bc4c4b94deaa682efa0082be7503e7e35752067b286e607a1011b0dd4cc400b	깨비참
cards/v1/jp/CRD_4875AEF7FE12F4A51EE9.png	9b9d67f4a29ce5e2a769ce00e20cfb4d685bef3712193b53fdc51e6837bae5de	로토무 ex
cards/v1/jp/CRD_A1B443C34FF56366CC4F.png	dc8b3dd87c2a8a243a213a28539af5f31fedcba24253e1c75e0ebe4d729f90a5	로토무 ex
cards/v1/jp/CRD_38F85DABEF2F6DCF83A5.png	e8f67dcdbe1741a10216e20ef3ad217952a0735ac37400bf8a89d62a565ae5f2	시비꼬 ex
cards/v1/jp/CRD_8F7ADD803D0EF37D818A.png	bccd61b2faa1e050ffbe47a4ec445a974fb173d362b6bb640422a6c648ed08ad	치라미
cards/v1/jp/CRD_5D24108CE9A30C619201.png	45ca7a26b0e5820a979fa5d3bddf29e9ef3fb693ce1e29de9157512b1b0e5035	치라치노
cards/v1/jp/CRD_02A04C78DFA5C2D39430.png	fe6e61161a10b47e1f2a13ba3bc4bdfe3d67a0182138056a2e22d6ede35ddc32	날뛰는우레 ex
cards/v1/jp/CRD_114D84429B6042BA1484.png	aed8c3f55fe85280e0589e9d3bbf624f2b95388143bb17601d10de23a06a289b	날뛰는우레 ex
cards/v1/jp/CRD_943E565364AF4EFD1086.png	6c4e0b2a2a924752cf86339942e904904c15b8da0c14b206091579f62f38bec6	대코파스
cards/v1/jp/CRD_C0B2871F43DE5625581F.png	3ac84abd672ed2a1c2b45191049948d66dced9d734f7f22ce930b7a0a8586868	럭키
cards/v1/jp/CRD_ACAF140D77EEE16424E1.png	fd709a26307b98fdec8372d5a2f58109b1c1dd22266a0851a40883186ab29e6e	이븐곰
cards/v1/jp/CRD_D773344F12828473CD06.png	cafbf58bfed50ed3a9cd3bdb8ee69221fc315eed6ebbcbb1510990bcf5110f67	알로라 나시 ex
cards/v1/jp/CRD_26A53A13CEEDA2B3A1B4.png	800f40915d8c808fcf13b829ea7e7dbbee66543167241bb5b440511fa2ecb707	알로라 나시 ex
cards/v1/jp/CRD_943445778F098066A8F4.png	be6df65f671b79f348b62d8f640c28993d2de98f6cc42b671c9b984d2c531427	알로라 나시 ex
cards/v1/jp/CRD_89D60E67C38EA29F1DC2.png	08e0fc48e3680845b653e8b1b98a13bc575649e5008d353f33b7182b6d3446df	날뛰는우레 ex
cards/v1/jp/CRD_1AF396E7442011F20F00.png	9646cf926601a0a0e4b95b787caecd490d739c69c9912b2aaee9b1c553b185fb	떨구새
cards/v1/jp/CRD_C1D57B8B7B35C7ECE1FC.png	a26f689c3c89e1c47adfaa694c6a4db5fce61bb2ea8bc1bf61b9c2713965ff79	나오하
cards/v1/jp/CRD_25251C19A57081F5E42B.png	94963de1cc2081402437a5a9f45d82ec5a382740c852eff6117cc6114abe9577	시비꼬 ex
cards/v1/jp/CRD_7316D576A7F66A4CB338.png	af8d0396f7f77612cce235a60a8dff3fa9804c3541b30151b9fd19d3031271cd	태깅구르
cards/v1/jp/CRD_70BA4386D40400E2AC36.png	9866a69599f3c67c4a463d2838d9cd0fa86524a878519789784465a8b52ec647	부르르룸 ex
cards/v1/jp/CRD_CC360F6BBA05BFB38128.png	e7401ee37a78970ba13bbefc8fb7bb18fbbb72bd1f69f945c8da865dcafaddc6	부르르룸 ex
cards/v1/jp/CRD_331E1FDCBECBFA41AEA9.png	c7a46eb04d9d5e310b75d68a8ffab62e258cb3f97ffd0388202a8e5148995a7b	타부자고 ex
cards/v1/jp/CRD_AF4C346FDD977213161F.png	8e7558c3a5f165384cd786d9b3f4050158d742f6305c323add2a10f81c76a32f	비조도
cards/v1/jp/CRD_3520EA33302182486E9D.png	ac3bb9c64adde5a058fe1e87a03a2c1c66e627066cf38058c3069b8b35f7e32d	더스트나
cards/v1/jp/CRD_878B1A3CBFFA573EE2CE.png	f1c0d1f3a5ef193a569ef4dba50ca4d924246238aaf3be838990204da33fd20c	폴리곤Z
cards/v1/jp/CRD_DF8B9319DDD84975E5C1.png	12c9291c7f87849485c9d4c6a0242cd67cc1c17ee460c4e565536d75b3b9b1cd	엘풍 VSTAR
cards/v1/jp/CRD_18E0A0EBCAEFC42D7567.png	4254df74678457a1f35969d79986aee578effd2ad6c21c91d1877327e43a8fa8	히스이 대검귀 V
cards/v1/jp/CRD_67A190424D479A4DA947.png	7e4ba6fc2f0ede4b5a83940db177ed229d5d8f27f072c4fd07b108a0991c819c	하랑우탄 V
cards/v1/jp/CRD_D17A00BDB2C9E0FCE3F8.png	247d9f59d5accacc9edf7eb1b4ab632347e13157e8fe516fdd5621e8412f70e5	로토무 V
cards/v1/jp/CRD_C292A16ECBF9501D972E.png	79bf65cb9b8bea11929de1ab20bd3ef8a952dc516d5f4f415dd69b229ebf8937	로토무 V
cards/v1/jp/CRD_9F8FFB7BF27D8094E176.png	8a4765e08e7cddf02a0b2ee7133a1c9921a8c01bccedff63c02054e4cf242ba0	마기아나 V
cards/v1/jp/CRD_2BBC9C171E2800926C30.png	1d73b4e438955e37d421fb76ad94763760675472d6b976bb85d2a800faeec352	칠색조 V
cards/v1/jp/CRD_2FA7E35871623C66AA96.png	b0e7bf3aaab91abe9ea009b316634296462857073a2b7289260e87e47edacb90	네크로즈마 V
cards/v1/jp/CRD_7064C189CC039FA97194.png	8215ae12da22949c0ede9ec97a4143641a297e18430a32ab19dbc59979369c14	레파르다스 V
cards/v1/jp/CRD_E39F9C41D529A434B5EC.png	fa7fd9111162bf2bb9c4282c8109659d75b9d479a983c7f2ab37ff5216e1b96a	더스트나 VMAX
cards/v1/jp/CRD_F739AC5CF7A0E66239D2.png	c2efd3db27f77f76b41df80181a270e08b3bdb8835a8f11049c6d04bf99cf82e	샹델라 VMAX
cards/v1/jp/CRD_9824FD6C4B38CAA57F42.png	23bae7684169831aa85f8c4fb42620b6e0abb9b8bb3ac495487b7fd24cb8aef8	자마젠타 V
cards/v1/jp/CRD_93787D42298C1FBC17F6.png	f69065fff4943f0e40db6e489655779c0adbfa38f1a69d6498c1a25e193bd69e	자루도 V
cards/v1/jp/CRD_B4CBD2C89D74201BEAE7.png	3c712e26fffa3ae144f3ca8a31612c3e8227845b8cd154b62813b251cba3678c	드래피온 V
